// Jest Snapshot v1, https://goo.gl/fbAQLP

exports[`Center - snapshot test 1`] = `
<section
  className="Center-s9sgb6y-0 eDdsFp"
/>
`;
