// Jest Snapshot v1, https://goo.gl/fbAQLP

exports[`Page - snapshot test 1`] = `
<section
  className="Page-s1p3nwoa-0 jYeuUe"
/>
`;
