// Jest Snapshot v1, https://goo.gl/fbAQLP

exports[`IndexPage - snapshot test 1`] = `
<section
  className="Page-s1p3nwoa-0 bkOtpA"
>
  <section
    className="Center-s9sgb6y-0 eDdsFp"
  >
    <span
      className="Text-wouq23-0 CTCKk"
      fontSize="10vw"
    >
      Index Page
    </span>
  </section>
  <section
    className="Center-s9sgb6y-0 eDdsFp"
  >
    <a
      href="/not-found"
      onClick={[Function]}
    >
      <span
        className="Text-wouq23-0 gWetUQ"
        fontSize="5vw"
      >
        Go to Not Found Page
      </span>
    </a>
  </section>
</section>
`;
